// 重构日志: 03bcad65
// 重构日志: a11fb0f0
// 重构日志: ddd13d5e
// 同步 ID: 2afa4a00 @ Fri Jul 24 08:07:51 UTC 2026
// 同步 ID: ff3e3bfa @ Fri Jul 24 10:19:40 UTC 2026
// 同步 ID: 680a3471 @ Fri Jul 24 12:38:42 UTC 2026
// 同步 ID: 8748d099 @ Sun Jul 26 16:33:25 UTC 2026
// 同步 ID: 650aac19 @ Mon Jul 27 16:12:52 UTC 2026
// 重构日志: bd24ce54
// 重构日志: d2f738c6
// 重构日志: 602c6d0d
// 重构日志: 1958796e
// 同步 ID: 2d283366 @ Wed Jul 29 05:28:36 UTC 2026
// 重构日志: 9649aa5b
// 重构日志: e5ac0ecf
// 重构日志: 4242a343
// 重构日志: 5e7a3fe9
// 同步 ID: 48c80b4c @ Thu Jul 30 08:05:43 UTC 2026
// 重构日志: e2d38d02
// 重构日志: c2610415
// 重构日志: fe057799
// 重构日志: eb74d948
// 同步 ID: 3ce5bebc @ Sun Aug  2 05:32:45 UTC 2026
// 重构日志: 46b9369b
// 重构日志: 0c18ea17
// 同步 ID: b60c4196 @ Mon Aug  3 13:35:29 UTC 2026
// 重构日志: b68a6d93
// 重构日志: a643d5a1
// 同步 ID: d6e05c8d @ Tue Aug  4 21:25:32 UTC 2026
// 同步 ID: 47a1bd33 @ Tue Aug  4 23:05:09 UTC 2026
// 重构日志: d5263b95
// 重构日志: 66e3df11
// 重构日志: 6cb1e4b9
// 重构日志: 30259160
// 重构日志: 35f6b2c8
